Component: ARM Compiler 5.06 update 5 (build 528) Tool: armlink [4d35e2]

==============================================================================

Section Cross References

    main.o(.text) refers to main.o(.emb_text) for squareroot
    sys.o(.ARM.exidx) refers to sys.o(i.__user_setup_stackheap) for i.__user_setup_stackheap
    cmsis_nvic.o(i.NVIC_SetVector) refers to rt_memmove.o(.text) for __aeabi_memmove4
    system_MKL25Z4.o(i.SystemCoreClockUpdate) refers to aeabi_sdivfast.o(.text) for __aeabi_uidivmod
    system_MKL25Z4.o(i.SystemCoreClockUpdate) refers to system_MKL25Z4.o(.data) for .data
    mbed_overrides.o(i.NMI_Handler) refers to gpio.o(i.gpio_init_in) for gpio_init_in
    startup_MKL25Z4.o(RESET) refers to startup_MKL25Z4.o(.text) for Reset_Handler
    startup_MKL25Z4.o(RESET) refers to mbed_overrides.o(i.NMI_Handler) for NMI_Handler
    startup_MKL25Z4.o(.text) refers to system_MKL25Z4.o(i.SystemInit) for SystemInit
    startup_MKL25Z4.o(.text) refers to __main.o(!!!main) for __main
    board.o(i.mbed_die) refers to gpio.o(i.gpio_init_out) for gpio_init_out
    board.o(i.mbed_die) refers to wait_api.o(i.wait_ms) for wait_ms
    retarget.o(i.$Sub$$main) refers to retarget.o(i.mbed_sdk_init) for mbed_sdk_init
    retarget.o(i.$Sub$$main) refers to retarget.o(i.mbed_main) for mbed_main
    retarget.o(i.$Sub$$main) refers to main.o(.text) for $Super$$main
    retarget.o(i._ZN4mbed10FileHandleD0Ev) refers to delete.o(i._ZdlPv) for operator delete (void*)
    retarget.o(i._ZN4mbed10FileHandleD0Ev) refers to retarget.o(.constdata__ZTVN4mbed10FileHandleE) for vtable for mbed::FileHandle
    retarget.o(i._ZN4mbed10FileHandleD0Ev) refers to retarget.o(.bss) for .bss
    retarget.o(i._ZN4mbed10FileHandleD2Ev) refers to retarget.o(.constdata__ZTVN4mbed10FileHandleE) for vtable for mbed::FileHandle
    retarget.o(i._ZN4mbed10FileHandleD2Ev) refers to retarget.o(.bss) for .bss
    retarget.o(i._sys_close) refers to retarget.o(.bss) for .bss
    retarget.o(i._sys_ensure) refers to retarget.o(.bss) for .bss
    retarget.o(i._sys_flen) refers to retarget.o(.bss) for .bss
    retarget.o(i._sys_istty) refers to retarget.o(.bss) for .bss
    retarget.o(i._sys_open) refers to _scanf_int.o(.text) for _scanf_int
    retarget.o(i._sys_open) refers to strcmpv6m.o(.text) for strcmp
    retarget.o(i._sys_open) refers to serial_api.o(i.serial_init) for serial_init
    retarget.o(i._sys_open) refers to FilePath.o(i._ZN4mbed8FilePathC1EPKc) for mbed::FilePath::FilePath(const char*)
    retarget.o(i._sys_open) refers to FilePath.o(i._ZN4mbed8FilePath6existsEv) for mbed::FilePath::exists()
    retarget.o(i._sys_open) refers to FilePath.o(i._ZN4mbed8FilePath6isFileEv) for mbed::FilePath::isFile()
    retarget.o(i._sys_open) refers to FilePath.o(i._ZN4mbed8FilePath4fileEv) for mbed::FilePath::file()
    retarget.o(i._sys_open) refers to __0sscanf.o(.text) for __0sscanf
    retarget.o(i._sys_open) refers to FilePath.o(i._ZN4mbed8FilePath10fileSystemEv) for mbed::FilePath::fileSystem()
    retarget.o(i._sys_open) refers to FilePath.o(i._ZN4mbed8FilePath8fileNameEv) for mbed::FilePath::fileName()
    retarget.o(i._sys_open) refers to retarget.o(.constdata) for .constdata
    retarget.o(i._sys_open) refers to serial_api.o(.data) for stdio_uart_inited
    retarget.o(i._sys_open) refers to retarget.o(.bss) for .bss
    retarget.o(i._sys_read) refers to serial_api.o(i.serial_getc) for serial_getc
    retarget.o(i._sys_read) refers to serial_api.o(.data) for stdio_uart
    retarget.o(i._sys_read) refers to retarget.o(.bss) for .bss
    retarget.o(i._sys_seek) refers to retarget.o(.bss) for .bss
    retarget.o(i._sys_write) refers to serial_api.o(i.serial_init) for serial_init
    retarget.o(i._sys_write) refers to serial_api.o(i.serial_putc) for serial_putc
    retarget.o(i._sys_write) refers to serial_api.o(.data) for stdio_uart_inited
    retarget.o(i._sys_write) refers to retarget.o(.bss) for .bss
    retarget.o(i.mkdir) refers to FilePath.o(i._ZN4mbed8FilePathC1EPKc) for mbed::FilePath::FilePath(const char*)
    retarget.o(i.mkdir) refers to FilePath.o(i._ZN4mbed8FilePath10fileSystemEv) for mbed::FilePath::fileSystem()
    retarget.o(i.mkdir) refers to FilePath.o(i._ZN4mbed8FilePath8fileNameEv) for mbed::FilePath::fileName()
    retarget.o(i.opendir) refers to FilePath.o(i._ZN4mbed8FilePathC1EPKc) for mbed::FilePath::FilePath(const char*)
    retarget.o(i.opendir) refers to FilePath.o(i._ZN4mbed8FilePath10fileSystemEv) for mbed::FilePath::fileSystem()
    retarget.o(i.opendir) refers to FilePath.o(i._ZN4mbed8FilePath8fileNameEv) for mbed::FilePath::fileName()
    retarget.o(i.opendir) refers to FileSystemLike.o(i._ZN4mbed14FileSystemLike7opendirEv) for mbed::FileSystemLike::opendir()
    retarget.o(i.remove) refers to FilePath.o(i._ZN4mbed8FilePathC1EPKc) for mbed::FilePath::FilePath(const char*)
    retarget.o(i.remove) refers to FilePath.o(i._ZN4mbed8FilePath10fileSystemEv) for mbed::FilePath::fileSystem()
[...]
    .text                                    0x00000410   Section        0  _scanf_int.o(.text)
    .text                                    0x0000055c   Section        0  strncmp.o(.text)
    .text                                    0x000005fc   Section        0  rt_memmove.o(.text)
    .text                                    0x00000694   Section      160  strcmpv6m.o(.text)
    .text                                    0x00000734   Section      488  aeabi_sdivfast.o(.text)
    .text                                    0x0000091c   Section        0  h1_alloc.o(.text)
    .text                                    0x0000097e   Section        0  h1_free.o(.text)
    .text                                    0x000009ca   Section        0  _printf_pad.o(.text)
    .text                                    0x00000a18   Section        0  _printf_truncate.o(.text)
    .text                                    0x00000a3c   Section        0  _printf_str.o(.text)
    .text                                    0x00000a90   Section        0  _printf_dec.o(.text)
    .text                                    0x00000afc   Section        0  _printf_charcount.o(.text)
    .text                                    0x00000b24   Section        0  _printf_char_file.o(.text)
    .text                                    0x00000b4c   Section        0  _printf_wctomb.o(.text)
    .text                                    0x00000c08   Section        0  _printf_longlong_dec.o(.text)
    .text                                    0x00000c78   Section        0  _printf_oct_int_ll.o(.text)
    _printf_longlong_oct_internal            0x00000c79   Thumb Code     0  _printf_oct_int_ll.o(.text)
    .text                                    0x00000ce8   Section        0  _printf_hex_int_ll_ptr.o(.text)
    _printf_hex_common                       0x00000ce9   Thumb Code     0  _printf_hex_int_ll_ptr.o(.text)
    .text                                    0x00000d80   Section        0  __printf_flags_ss_wp.o(.text)
    .text                                    0x00000f08   Section        0  _chval.o(.text)
    .text                                    0x00000f28   Section        0  scanf_char.o(.text)
    _scanf_char_input                        0x00000f29   Thumb Code    12  scanf_char.o(.text)
    .text                                    0x00000f58   Section        0  _sgetc.o(.text)
    .text                                    0x00000f9c   Section        0  fseek.o(.text)
    .text                                    0x00001090   Section        0  stdio.o(.text)
    .text                                    0x00001180   Section        0  initio.o(.text)
    .text                                    0x000012bc   Section        0  rt_memcpy.o(.text)
    .text                                    0x0000133e   Section        0  rt_memclr.o(.text)
    .text                                    0x0000137e   Section        0  init_alloc.o(.text)
    .text                                    0x00001406   Section        0  h1_init.o(.text)
    .text                                    0x00001414   Section        0  lludiv10.o(.text)
    .text                                    0x0000148e   Section        0  isspace.o(.text)
    .text                                    0x000014a0   Section        0  _printf_intcommon.o(.text)
    .text                                    0x00001550   Section        0  _printf_fp_dec.o(.text)
    _fp_digits                               0x00001553   Thumb Code   412  _printf_fp_dec.o(.text)
    .text                                    0x00001968   Section        0  _printf_fp_hex.o(.text)
    .text                                    0x00001c40   Section        0  _printf_char_common.o(.text)
    _printf_input_char                       0x00001c41   Thumb Code    10  _printf_char_common.o(.text)
    .text                                    0x00001c70   Section        0  _printf_char.o(.text)
    .text                                    0x00001c9e   Section        0  _printf_wchar.o(.text)
    .text                                    0x00001ccc   Section        0  _scanf.o(.text)
    .text                                    0x0000204c   Section        0  ferror.o(.text)
    .text                                    0x00002054   Section        0  ftell.o(.text)
    .text                                    0x00002098   Section        0  setvbuf.o(.text)
    .text                                    0x000020e4   Section        0  fopen.o(.text)
    _freopen_locked                          0x000020e5   Thumb Code     0  fopen.o(.text)
    .text                                    0x000021cc   Section        0  fclose.o(.text)
    .text                                    0x00002218   Section        0  _wcrtomb.o(.text)
    .text                                    0x00002258   Section        0  defsig_exit.o(.text)
    .text                                    0x00002264   Section        0  defsig_rtred_outer.o(.text)
    .text                                    0x00002270   Section        0  rtudiv10.o(.text)
    .text                                    0x00002298   Section        0  sys_exit.o(.text)
    .text                                    0x000022a4   Section       16  rt_ctype_table.o(.text)
    .text                                    0x000022b4   Section        8  rt_locale.o(.text)
    .text                                    0x000022bc   Section        8  rt_errno_addr.o(.text)
    .text                                    0x000022c4   Section        0  h1_extend.o(.text)
    .text                                    0x000022f8   Section        0  _printf_fp_infnan.o(.text)
    .text                                    0x00002380   Section        0  bigflt0.o(.text)
    .text                                    0x00002458   Section        0  btod.o(.text)
    btod_internal_mul                        0x00002499   Thumb Code   492  btod.o(.text)
    btod_internal_div                        0x00002685   Thumb Code   520  btod.o(.text)
    .text                                    0x000029d8   Section        0  flsbuf.o(.text)
    .text                                    0x00002bc8   Section        0  defsig_general.o(.text)
    .text                                    0x00002bfc   Section        0  defsig_rtred_inner.o(.text)
    .text                                    0x00002c30   Section        0  defsig_rtmem_outer.o(.text)
    .text                                    0x00002c3c   Section        0  heapauxa.o(.text)
    .text                                    0x00002c8c   Section        0  sys_wrch.o(.text)
    .text                                    0x00002c98   Section        0  defsig_rtmem_inner.o(.text)
    i.$Sub$$main                             0x00002ce8   Section        0  retarget.o(i.$Sub$$main)
    i.NMI_Handler                            0x00002cf8   Section        0  mbed_overrides.o(i.NMI_Handler)
    i.NVIC_SetVector                         0x00002d08   Section        0  cmsis_nvic.o(i.NVIC_SetVector)
    i.SystemInit                             0x00002d60   Section        0  system_MKL25Z4.o(i.SystemInit)
    i._ZN4mbed8FileBase11getPathTypeEv       0x00002df8   Section        0  FileBase.o(i._ZN4mbed8FileBase11getPathTypeEv)
    i._ZN4mbed8FileBase6lookupEPKcj          0x00002dfc   Section        0  FileBase.o(i._ZN4mbed8FileBase6lookupEPKcj)
    i._ZN4mbed8FilePath10fileSystemEv        0x00002e38   Section        0  FilePath.o(i._ZN4mbed8FilePath10fileSystemEv)
    i._ZN4mbed8FilePath4fileEv               0x00002e52   Section        0  FilePath.o(i._ZN4mbed8FilePath4fileEv)
    i._ZN4mbed8FilePath6existsEv             0x00002e72   Section        0  FilePath.o(i._ZN4mbed8FilePath6existsEv)
    i._ZN4mbed8FilePath6isFileEv             0x00002e7c   Section        0  FilePath.o(i._ZN4mbed8FilePath6isFileEv)
    i._ZN4mbed8FilePath8fileNameEv           0x00002e94   Section        0  FilePath.o(i._ZN4mbed8FilePath8fileNameEv)
    i._ZN4mbed8FilePathC1EPKc                0x00002e98   Section        0  FilePath.o(i._ZN4mbed8FilePathC1EPKc)
    i.__ARM_common_ll_muluu                  0x00002edc   Section        0  btod.o(i.__ARM_common_ll_muluu)
    i.__ARM_fpclassify                       0x00002f0c   Section        0  fpclassify.o(i.__ARM_fpclassify)
    i.__user_setup_stackheap                 0x00002f38   Section        0  sys.o(i.__user_setup_stackheap)
    i._is_digit                              0x00002f48   Section        0  __printf_wp.o(i._is_digit)
    i._sys_close                             0x00002f58   Section        0  retarget.o(i._sys_close)
    i._sys_flen                              0x00002f84   Section        0  retarget.o(i._sys_flen)
    i._sys_istty                             0x00002fac   Section        0  retarget.o(i._sys_istty)
    i._sys_open                              0x00002fd4   Section        0  retarget.o(i._sys_open)
    i._sys_seek                              0x00003114   Section        0  retarget.o(i._sys_seek)
    i._sys_write                             0x0000313c   Section        0  retarget.o(i._sys_write)
    i.error                                  0x0000319c   Section        0  error.o(i.error)
    i.exit                                   0x000031b4   Section        0  exit.o(i.exit)
    i.fputc                                  0x000031e0   Section        0  fputc.o(i.fputc)
    i.gpio_dir                               0x000031fe   Section        0  gpio_api.o(i.gpio_dir)
    i.gpio_init                              0x0000321c   Section        0  gpio_api.o(i.gpio_init)
    i.gpio_init_in                           0x00003258   Section        0  gpio.o(i.gpio_init_in)
    i.gpio_init_out                          0x0000327a   Section        0  gpio.o(i.gpio_init_out)
    i.gpio_mode                              0x000032a2   Section        0  gpio_api.o(i.gpio_mode)
    i.lptmr_isr                              0x000032b0   Section        0  us_ticker.o(i.lptmr_isr)
    lptmr_isr                                0x000032b1   Thumb Code    82  us_ticker.o(i.lptmr_isr)
    i.mbed_die                               0x00003310   Section        0  board.o(i.mbed_die)
    i.mbed_interface_connected               0x0000333c   Section        0  mbed_interface.o(i.mbed_interface_connected)
    i.mbed_sdk_init                          0x00003344   Section        0  retarget.o(i.mbed_sdk_init)
    i.pin_function                           0x00003348   Section        0  pinmap.o(i.pin_function)
    i.pin_mode                               0x0000338c   Section        0  pinmap.o(i.pin_mode)
    i.pinmap_merge                           0x000033a4   Section        0  pinmap_common.o(i.pinmap_merge)
    i.pinmap_peripheral                      0x000033d8   Section        0  pinmap_common.o(i.pinmap_peripheral)
    i.pinmap_pinout                          0x00003434   Section        0  pinmap_common.o(i.pinmap_pinout)
    i.semihost_connected                     0x00003484   Section        0  semihost_api.o(i.semihost_connected)
    i.semihost_exit                          0x00003490   Section        0  semihost_api.o(i.semihost_exit)
    i.serial_baud                            0x0000349c   Section        0  serial_api.o(i.serial_baud)
    i.serial_format                          0x0000361c   Section        0  serial_api.o(i.serial_format)
    i.serial_init                            0x000036a8   Section        0  serial_api.o(i.serial_init)
    i.serial_putc                            0x00003814   Section        0  serial_api.o(i.serial_putc)
    i.us_ticker_clear_interrupt              0x00003838   Section        0  us_ticker.o(i.us_ticker_clear_interrupt)
    i.us_ticker_disable_interrupt            0x0000383c   Section        0  us_ticker.o(i.us_ticker_disable_interrupt)
    i.us_ticker_init                         0x0000384c   Section        0  us_ticker.o(i.us_ticker_init)
    i.us_ticker_irq_handler                  0x00003a0c   Section        0  us_ticker_api.o(i.us_ticker_irq_handler)
    i.us_ticker_read                         0x00003a4c   Section        0  us_ticker.o(i.us_ticker_read)
    i.us_ticker_set_interrupt                0x00003a6c   Section        0  us_ticker.o(i.us_ticker_set_interrupt)
    i.wait_ms                                0x00003ae0   Section        0  wait_api.o(i.wait_ms)
    locale$$code                             0x00003afc   Section       44  lc_numeric_c.o(locale$$code)
    locale$$code                             0x00003b28   Section       44  lc_ctype_c.o(locale$$code)
    x$fpl$printf1                            0x00003b54   Section       16  printf1.o(x$fpl$printf1)
    x$fpl$printf2                            0x00003b64   Section       16  printf2.o(x$fpl$printf2)
    .constdata                               0x00003b74   Section       23  retarget.o(.constdata)
    x$fpl$usenofp                            0x00003b74   Section        0  usenofp.o(x$fpl$usenofp)
    .constdata                               0x00003b8c   Section      120  serial_api.o(.constdata)
    .constdata                               0x00003c04   Section      108  PeripheralPins.o(.constdata)
    .constdata                               0x00003c70   Section      108  PeripheralPins.o(.constdata)
    .constdata                               0x00003cdc   Section        8  _printf_wctomb.o(.constdata)
    initial_mbstate                          0x00003cdc   Data           8  _printf_wctomb.o(.constdata)
    .constdata                               0x00003ce4   Section       40  _printf_hex_int_ll_ptr.o(.constdata)
    uc_hextab                                0x00003ce4   Data          20  _printf_hex_int_ll_ptr.o(.constdata)
    lc_hextab                                0x00003cf8   Data          20  _printf_hex_int_ll_ptr.o(.constdata)
    .constdata                               0x00003d0c   Section       17  __printf_flags_ss_wp.o(.constdata)
    maptable                                 0x00003d0c   Data          17  __printf_flags_ss_wp.o(.constdata)
    .constdata                               0x00003d1d   Section       38  _printf_fp_hex.o(.constdata)
    lc_hextab                                0x00003d1d   Data          19  _printf_fp_hex.o(.constdata)
    uc_hextab                                0x00003d30   Data          19  _printf_fp_hex.o(.constdata)
    .constdata                               0x00003d44   Section      148  bigflt0.o(.constdata)
    tenpwrs_x                                0x00003d44   Data          60  bigflt0.o(.constdata)
    tenpwrs_i                                0x00003d80   Data          64  bigflt0.o(.constdata)
    locale$$data                             0x00003df8   Section       28  lc_numeric_c.o(locale$$data)
    __lcnum_c_name                           0x00003dfc   Data           2  lc_numeric_c.o(locale$$data)
    __lcnum_c_start                          0x00003e04   Data           0  lc_numeric_c.o(locale$$data)
    __lcnum_c_point                          0x00003e10   Data           0  lc_numeric_c.o(locale$$data)
    __lcnum_c_thousands                      0x00003e12   Data           0  lc_numeric_c.o(locale$$data)
    __lcnum_c_grouping                       0x00003e13   Data           0  lc_numeric_c.o(locale$$data)
    locale$$data                             0x00003e14   Section      272  lc_ctype_c.o(locale$$data)
    __lcnum_c_end                            0x00003e14   Data           0  lc_numeric_c.o(locale$$data)
    __lcctype_c_name                         0x00003e18   Data           2  lc_ctype_c.o(locale$$data)
    __lcctype_c_start                        0x00003e20   Data           0  lc_ctype_c.o(locale$$data)
    __lcctype_c_end                          0x00003f24   Data           0  lc_ctype_c.o(locale$$data)
    .data                                    0x1ffff0c0   Section        4  system_MKL25Z4.o(.data)
    .data                                    0x1ffff0c4   Section       16  serial_api.o(.data)
    irq_handler                              0x1ffff0c8   Data           4  serial_api.o(.data)
    .data                                    0x1ffff0d4   Section       12  us_ticker.o(.data)
    us_ticker_int_remainder                  0x1ffff0d4   Data           2  us_ticker.o(.data)
    us_ticker_inited                         0x1ffff0d8   Data           4  us_ticker.o(.data)
    us_ticker_int_counter                    0x1ffff0dc   Data           4  us_ticker.o(.data)
    .data                                    0x1ffff0e0   Section        4  FileBase.o(.data)
    .data                                    0x1ffff0e4   Section        8  us_ticker_api.o(.data)
    head                                     0x1ffff0e4   Data           4  us_ticker_api.o(.data)
    event_handler                            0x1ffff0e8   Data           4  us_ticker_api.o(.data)
    .data                                    0x1ffff0ec   Section        4  semihost_api.o(.data)
    is_debugger_attached                     0x1ffff0ec   Data           4  semihost_api.o(.data)
    .data                                    0x1ffff0f0   Section        4  stdio_streams.o(.data)
    .data                                    0x1ffff0f4   Section        4  stdio_streams.o(.data)
    .data                                    0x1ffff0f8   Section        4  stdio_streams.o(.data)
    .data                                    0x1ffff0fc   Section        4  heapauxa.o(.data)
    __rt_heap_escrow_base                    0x1ffff0fc   Data           4  heapauxa.o(.data)
    .bss                                     0x1ffff100   Section       64  retarget.o(.bss)
    filehandles                              0x1ffff100   Data          64  retarget.o(.bss)
    .bss                                     0x1ffff140   Section       84  stdio_streams.o(.bss)
    .bss                                     0x1ffff194   Section       84  stdio_streams.o(.bss)
    .bss                                     0x1ffff1e8   Section       84  stdio_streams.o(.bss)
    .bss                                     0x1ffff23c   Section        4  rt_heap_descriptor.o(.bss)
    __rt_heap_descriptor_data                0x1ffff23c   Data           4  rt_heap_descriptor.o(.bss)
    .bss                                     0x1ffff240   Section       20  rt_locale.o(.bss)
    __rt_locale_data                         0x1ffff240   Data          20  rt_locale.o(.bss)
    .bss                                     0x1ffff254   Section        4  rt_errno_addr.o(.bss)
    __aeabi_errno_addr_data                  0x1ffff254   Data           4  rt_errno_addr.o(.bss)

    Global Symbols

    Symbol Name                              Value     Ov Type        Size  Object(Section)

    BuildAttributes$$THM_ISAv3M$S$PE$A:L22$X:L11$S22$IEEE1$IW$USESV6$~STKCKD$USESV7$~SHL$OTIME$ROPI$IEEEJ$EBA8$UX$STANDARDLIB$REQ8$PRES8$EABIv2 0x00000000   Number         0  anon$$obj.o ABSOLUTE
    __ARM_use_no_argv                        0x00000000   Number         0  main.o ABSOLUTE
    __Vectors                                0x00000000   Data           4  startup_MKL25Z4.o(RESET)
    _printf_flags                            0x00000000   Number         0  printf_stubs.o ABSOLUTE
    _printf_return_value                     0x00000000   Number         0  printf_stubs.o ABSOLUTE
    _printf_sizespec                         0x00000000   Number         0  printf_stubs.o ABSOLUTE
    _printf_widthprec                        0x00000000   Number         0  printf_stubs.o ABSOLUTE
    SHT$$ARM_EXIDX$$Base                      - Undefined Reference
    SHT$$ARM_EXIDX$$Limit                     - Undefined Reference
    __ARM::default_unexpected_handler()       - Undefined Weak Reference
    __ARM_exceptions_buffer_required          - Undefined Weak Reference
    __ARM_exceptions_init                     - Undefined Weak Reference
    __aeabi_unwind_cpp_pr1                    - Undefined Weak Reference
    __aeabi_unwind_cpp_pr2                    - Undefined Weak Reference
    __alloca_initialize                       - Undefined Weak Reference
    __arm_preinit_                            - Undefined Weak Reference
    __cpp_initialize__aeabi_                  - Undefined Weak Reference
    __cxa_begin_cleanup                       - Undefined Weak Reference
    __cxa_finalize                            - Undefined Weak Reference
    __cxa_type_match                          - Undefined Weak Reference
    __rt_lib_shutdown                         - Undefined Weak Reference
    __sigvec_lookup                           - Undefined Weak Reference
    __user_heap_extent                        - Undefined Weak Reference
    _atexit_init                              - Undefined Weak Reference
    _clock_init                               - Undefined Weak Reference
    _fp_trap_init                             - Undefined Weak Reference
    _fp_trap_shutdown                         - Undefined Weak Reference
    _get_lc_collate                           - Undefined Weak Reference
    _get_lc_monetary                          - Undefined Weak Reference
    _get_lc_time                              - Undefined Weak Reference
    _getenv_init                              - Undefined Weak Reference
    _handle_redirection                       - Undefined Weak Reference
    _mutex_acquire                            - Undefined Weak Reference
    _mutex_free                               - Undefined Weak Reference
    _mutex_release                            - Undefined Weak Reference
    _printf_mbtowc                            - Undefined Weak Reference
    _printf_wc                                - Undefined Weak Reference
    _rand_init                                - Undefined Weak Reference
    _scanf_longlong                           - Undefined Weak Reference
    _scanf_mbtowc                             - Undefined Weak Reference
    _scanf_real                               - Undefined Weak Reference
    _scanf_string                             - Undefined Weak Reference
    _scanf_wctomb                             - Undefined Weak Reference
    _scanf_wstring                            - Undefined Weak Reference
    _signal_finish                            - Undefined Weak Reference
    _signal_init                              - Undefined Weak Reference
    __Vectors_End                            0x000000c0   Data           0  startup_MKL25Z4.o(RESET)
    __Vectors_Size                           0x000000c0   Number         0  startup_MKL25Z4.o ABSOLUTE
    __main                                   0x000000c1   Thumb Code     8  __main.o(!!!main)
    __scatterload                            0x000000c9   Thumb Code     0  __scatter.o(!!!scatter)
    __scatterload_rt2                        0x000000c9   Thumb Code    52  __scatter.o(!!!scatter)
    __scatterload_rt2_thumb_only             0x000000c9   Thumb Code     0  __scatter.o(!!!scatter)
    __scatterload_null                       0x000000d9   Thumb Code     0  __scatter.o(!!!scatter)
    __scatterload_copy                       0x00000105   Thumb Code    26  __scatter_copy.o(!!handler_copy)
    __scatterload_zeroinit                   0x00000121   Thumb Code    28  __scatter_zi.o(!!handler_zi)
    _printf_percent                          0x0000013d   Thumb Code     0  _printf_percent.o(.ARM.Collect$$_printf_percent$$00000000)
    _printf_n                                0x0000013f   Thumb Code     0  _printf_n.o(.ARM.Collect$$_printf_percent$$00000001)
    _printf_p                                0x00000149   Thumb Code     0  _printf_p.o(.ARM.Collect$$_printf_percent$$00000002)
    _printf_f                                0x00000153   Thumb Code     0  _printf_f.o(.ARM.Collect$$_printf_percent$$00000003)
    _printf_e                                0x0000015d   Thumb Code     0  _printf_e.o(.ARM.Collect$$_printf_percent$$00000004)
    _printf_g                                0x00000167   Thumb Code     0  _printf_g.o(.ARM.Collect$$_printf_percent$$00000005)
    _printf_a                                0x00000171   Thumb Code     0  _printf_a.o(.ARM.Collect$$_printf_percent$$00000006)
    _printf_ll                               0x0000017b   Thumb Code     0  _printf_ll.o(.ARM.Collect$$_printf_percent$$00000007)
    _printf_i                                0x00000185   Thumb Code     0  _printf_i.o(.ARM.Collect$$_printf_percent$$00000008)
    _printf_d                                0x0000018f   Thumb Code     0  _printf_d.o(.ARM.Collect$$_printf_percent$$00000009)
    _printf_u                                0x00000199   Thumb Code     0  _printf_u.o(.ARM.Collect$$_printf_percent$$0000000A)
    _printf_o                                0x000001a3   Thumb Code     0  _printf_o.o(.ARM.Collect$$_printf_percent$$0000000B)
    _printf_x                                0x000001ad   Thumb Code     0  _printf_x.o(.ARM.Collect$$_printf_percent$$0000000C)
    _printf_lli                              0x000001b7   Thumb Code     0  _printf_lli.o(.ARM.Collect$$_printf_percent$$0000000D)
    _printf_lld                              0x000001c1   Thumb Code     0  _printf_lld.o(.ARM.Collect$$_printf_percent$$0000000E)
    _printf_llu                              0x000001cb   Thumb Code     0  _printf_llu.o(.ARM.Collect$$_printf_percent$$0000000F)
    _printf_llo                              0x000001d5   Thumb Code     0  _printf_llo.o(.ARM.Collect$$_printf_percent$$00000010)
    _printf_llx                              0x000001df   Thumb Code     0  _printf_llx.o(.ARM.Collect$$_printf_percent$$00000011)
    _printf_l                                0x000001e9   Thumb Code     0  _printf_l.o(.ARM.Collect$$_printf_percent$$00000012)
    _printf_c                                0x000001f3   Thumb Code     0  _printf_c.o(.ARM.Collect$$_printf_percent$$00000013)
    _printf_s                                0x000001fd   Thumb Code     0  _printf_s.o(.ARM.Collect$$_printf_percent$$00000014)
    _printf_lc                               0x00000207   Thumb Code     0  _printf_lc.o(.ARM.Collect$$_printf_percent$$00000015)
    _printf_ls                               0x00000211   Thumb Code     0  _printf_ls.o(.ARM.Collect$$_printf_percent$$00000016)
    _printf_percent_end                      0x0000021b   Thumb Code     0  _printf_percent_end.o(.ARM.Collect$$_printf_percent$$00000017)
    __rt_lib_init                            0x0000021f   Thumb Code     0  libinit.o(.ARM.Collect$$libinit$$00000000)
    __rt_lib_init_fp_1                       0x00000221   Thumb Code     0  libinit2.o(.ARM.Collect$$libinit$$00000002)
    __rt_lib_init_heap_2                     0x00000221   Thumb Code     0  libinit2.o(.ARM.Collect$$libinit$$00000005)
    __rt_lib_init_preinit_1                  0x00000221   Thumb Code     0  libinit2.o(.ARM.Collect$$libinit$$00000004)
    __rt_lib_init_heap_1                     0x00000229   Thumb Code     0  libinit2.o(.ARM.Collect$$libinit$$0000000A)
    __rt_lib_init_lc_common                  0x00000229   Thumb Code     0  libinit2.o(.ARM.Collect$$libinit$$0000000F)
    __rt_lib_init_rand_1                     0x00000229   Thumb Code     0  libinit2.o(.ARM.Collect$$libinit$$0000000E)
    __rt_lib_init_user_alloc_1               0x00000229   Thumb Code     0  libinit2.o(.ARM.Collect$$libinit$$0000000C)
    __rt_lib_init_lc_collate_1               0x0000022f   Thumb Code     0  libinit2.o(.ARM.Collect$$libinit$$00000011)
    __rt_lib_init_lc_ctype_2                 0x0000022f   Thumb Code     0  libinit2.o(.ARM.Collect$$libinit$$00000012)
    __rt_lib_init_lc_ctype_1                 0x0000023b   Thumb Code     0  libinit2.o(.ARM.Collect$$libinit$$00000013)
    __rt_lib_init_lc_monetary_1              0x0000023b   Thumb Code     0  libinit2.o(.ARM.Collect$$libinit$$00000015)
    __rt_lib_init_lc_numeric_2               0x0000023b   Thumb Code     0  libinit2.o(.ARM.Collect$$libinit$$00000016)
    __rt_lib_init_atexit_1                   0x00000245   Thumb Code     0  libinit2.o(.ARM.Collect$$libinit$$0000001B)
    __rt_lib_init_clock_1                    0x00000245   Thumb Code     0  libinit2.o(.ARM.Collect$$libinit$$00000021)
    __rt_lib_init_fp_trap_1                  0x00000245   Thumb Code     0  libinit2.o(.ARM.Collect$$libinit$$0000001F)
    __rt_lib_init_getenv_1                   0x00000245   Thumb Code     0  libinit2.o(.ARM.Collect$$libinit$$00000023)
    __rt_lib_init_lc_numeric_1               0x00000245   Thumb Code     0  libinit2.o(.ARM.Collect$$libinit$$00000017)
    __rt_lib_init_lc_time_1                  0x00000245   Thumb Code     0  libinit2.o(.ARM.Collect$$libinit$$00000019)
    __rt_lib_init_signal_1                   0x00000245   Thumb Code     0  libinit2.o(.ARM.Collect$$libinit$$0000001D)
    __rt_lib_init_stdio_2                    0x00000245   Thumb Code     0  libinit2.o(.ARM.Collect$$libinit$$00000024)
    __rt_lib_init_alloca_1                   0x00000249   Thumb Code     0  libinit2.o(.ARM.Collect$$libinit$$0000002E)
    __rt_lib_init_argv_1                     0x00000249   Thumb Code     0  libinit2.o(.ARM.Collect$$libinit$$0000002C)
    __rt_lib_init_cpp_1                      0x00000249   Thumb Code     0  libinit2.o(.ARM.Collect$$libinit$$00000032)
    __rt_lib_init_exceptions_1               0x00000249   Thumb Code     0  libinit2.o(.ARM.Collect$$libinit$$00000030)
    __rt_lib_init_return                     0x00000249   Thumb Code     0  libinit2.o(.ARM.Collect$$libinit$$00000033)
    __rt_lib_init_stdio_1                    0x00000249   Thumb Code     0  libinit2.o(.ARM.Collect$$libinit$$00000025)
    __rt_entry                               0x0000024b   Thumb Code     0  __rtentry.o(.ARM.Collect$$rtentry$$00000000)
    __rt_entry_presh_1                       0x0000024b   Thumb Code     0  __rtentry2.o(.ARM.Collect$$rtentry$$00000002)
    __rt_entry_sh                            0x0000024b   Thumb Code     0  __rtentry4.o(.ARM.Collect$$rtentry$$00000004)
    __rt_lib_shutdown_stdio_2                0x0000024b   Thumb Code     0  libshutdown2.o(.ARM.Collect$$libshutdown$$00000004)
    __rt_entry_li                            0x00000251   Thumb Code     0  __rtentry2.o(.ARM.Collect$$rtentry$$0000000A)
    __rt_entry_postsh_1                      0x00000251   Thumb Code     0  __rtentry2.o(.ARM.Collect$$rtentry$$00000009)
    __rt_entry_main                          0x00000255   Thumb Code     0  __rtentry2.o(.ARM.Collect$$rtentry$$0000000D)
    __rt_entry_postli_1                      0x00000255   Thumb Code     0  __rtentry2.o(.ARM.Collect$$rtentry$$0000000C)
    squareroot                               0x0000025d   Thumb Code    56  main.o(.emb_text)
    __aeabi_memcpy4                          0x00000295   Thumb Code    56  rt_memcpy.o(.emb_text)
    __aeabi_memcpy8                          0x00000295   Thumb Code     0  rt_memcpy.o(.emb_text)
    $Super$$main                             0x000002cd   Thumb Code    12  main.o(.text)
    _maybe_terminate_alloc                   0x000002cd   Thumb Code     0  maybetermalloc1.o(.emb_text)
    Reset_Handler                            0x000002d9   Thumb Code     8  startup_MKL25Z4.o(.text)
    HardFault_Handler                        0x000002e3   Thumb Code     2  startup_MKL25Z4.o(.text)
    SVC_Handler                              0x000002e5   Thumb Code     2  startup_MKL25Z4.o(.text)
    PendSV_Handler                           0x000002e7   Thumb Code     2  startup_MKL25Z4.o(.text)
    SysTick_Handler                          0x000002e9   Thumb Code     2  startup_MKL25Z4.o(.text)
    ADC0_IRQHandler                          0x000002eb   Thumb Code     0  startup_MKL25Z4.o(.text)
    CMP0_IRQHandler                          0x000002eb   Thumb Code     0  startup_MKL25Z4.o(.text)
    DAC0_IRQHandler                          0x000002eb   Thumb Code     0  startup_MKL25Z4.o(.text)
    DMA0_IRQHandler                          0x000002eb   Thumb Code     0  startup_MKL25Z4.o(.text)
    DMA1_IRQHandler                          0x000002eb   Thumb Code     0  startup_MKL25Z4.o(.text)
    DMA2_IRQHandler                          0x000002eb   Thumb Code     0  startup_MKL25Z4.o(.text)
    DMA3_IRQHandler                          0x000002eb   Thumb Code     0  startup_MKL25Z4.o(.text)
    DefaultISR                               0x000002eb   Thumb Code     0  startup_MKL25Z4.o(.text)
    FTFA_IRQHandler                          0x000002eb   Thumb Code     0  startup_MKL25Z4.o(.text)
    I2C0_IRQHandler                          0x000002eb   Thumb Code     0  startup_MKL25Z4.o(.text)
    I2C1_IRQHandler                          0x000002eb   Thumb Code     0  startup_MKL25Z4.o(.text)
    LLW_IRQHandler                           0x000002eb   Thumb Code     0  startup_MKL25Z4.o(.text)
    LPTimer_IRQHandler                       0x000002eb   Thumb Code     0  startup_MKL25Z4.o(.text)
    LVD_LVW_IRQHandler                       0x000002eb   Thumb Code     0  startup_MKL25Z4.o(.text)
    MCG_IRQHandler                           0x000002eb   Thumb Code     0  startup_MKL25Z4.o(.text)
    PIT_IRQHandler                           0x000002eb   Thumb Code     0  startup_MKL25Z4.o(.text)
    PORTA_IRQHandler                         0x000002eb   Thumb Code     0  startup_MKL25Z4.o(.text)
    PORTD_IRQHandler                         0x000002eb   Thumb Code     0  startup_MKL25Z4.o(.text)
    RTC_IRQHandler                           0x000002eb   Thumb Code     0  startup_MKL25Z4.o(.text)
    RTC_Seconds_IRQHandler                   0x000002eb   Thumb Code     0  startup_MKL25Z4.o(.text)
    Reserved20_IRQHandler                    0x000002eb   Thumb Code     0  startup_MKL25Z4.o(.text)
    Reserved39_IRQHandler                    0x000002eb   Thumb Code     0  startup_MKL25Z4.o(.text)
    Reserved45_IRQHandler                    0x000002eb   Thumb Code     0  startup_MKL25Z4.o(.text)
    SPI0_IRQHandler                          0x000002eb   Thumb Code     0  startup_MKL25Z4.o(.text)
    SPI1_IRQHandler                          0x000002eb   Thumb Code     0  startup_MKL25Z4.o(.text)
    TPM0_IRQHandler                          0x000002eb   Thumb Code     0  startup_MKL25Z4.o(.text)
    TPM1_IRQHandler                          0x000002eb   Thumb Code     0  startup_MKL25Z4.o(.text)
    TPM2_IRQHandler                          0x000002eb   Thumb Code     0  startup_MKL25Z4.o(.text)
    TSI0_IRQHandler                          0x000002eb   Thumb Code     0  startup_MKL25Z4.o(.text)
    UART0_IRQHandler                         0x000002eb   Thumb Code     0  startup_MKL25Z4.o(.text)
    UART1_IRQHandler                         0x000002eb   Thumb Code     0  startup_MKL25Z4.o(.text)
    UART2_IRQHandler                         0x000002eb   Thumb Code     0  startup_MKL25Z4.o(.text)
    USB0_IRQHandler                          0x000002eb   Thumb Code     0  startup_MKL25Z4.o(.text)
    vfprintf                                 0x000002f5   Thumb Code    14  vfprintf.o(.text)
    __0sscanf                                0x00000305   Thumb Code    54  __0sscanf.o(.text)
    _do_fflush                               0x00000345   Thumb Code    54  fflush.o(.text)
    fflush                                   0x0000037b   Thumb Code    46  fflush.o(.text)
    strlen                                   0x000003ad   Thumb Code    62  strlen.o(.text)
    __rt_heap_descriptor                     0x000003f1   Thumb Code     8  rt_heap_descriptor.o(.text)
    __use_no_heap                            0x000003f9   Thumb Code     2  hguard.o(.text)
    __heap$guard                             0x000003fb   Thumb Code     2  hguard.o(.text)
    __I$use$semihosting                      0x000003fd   Thumb Code     0  use_no_semi.o(.text)
    __use_no_semihosting_swi                 0x000003fd   Thumb Code     2  use_no_semi.o(.text)
    __semihosting_library_function           0x000003ff   Thumb Code     0  indicate_semi.o(.text)
    mbed_main                                0x000003ff   Thumb Code     2  retarget.o(i.mbed_main)
    _scanf_int                               0x00000411   Thumb Code   330  _scanf_int.o(.text)
    strncmp                                  0x0000055d   Thumb Code   154  strncmp.o(.text)
    __aeabi_memmove4                         0x000005fd   Thumb Code    70  rt_memmove.o(.text)
    __aeabi_memmove8                         0x000005fd   Thumb Code     0  rt_memmove.o(.text)
    __aeabi_memmove                          0x00000643   Thumb Code    80  rt_memmove.o(.text)
    __rt_memmove                             0x00000643   Thumb Code     0  rt_memmove.o(.text)
    strcmp                                   0x00000695   Thumb Code   160  strcmpv6m.o(.text)
    __aeabi_uidiv                            0x00000735   Thumb Code     0  aeabi_sdivfast.o(.text)
    __aeabi_uidivmod                         0x00000735   Thumb Code    28  aeabi_sdivfast.o(.text)
    __aeabi_idiv                             0x00000751   Thumb Code     0  aeabi_sdivfast.o(.text)
    __aeabi_idivmod                          0x00000751   Thumb Code   460  aeabi_sdivfast.o(.text)
    malloc                                   0x0000091d   Thumb Code    98  h1_alloc.o(.text)
    free                                     0x0000097f   Thumb Code    76  h1_free.o(.text)
    _printf_pre_padding                      0x000009cb   Thumb Code    44  _printf_pad.o(.text)
    _printf_post_padding                     0x000009f7   Thumb Code    34  _printf_pad.o(.text)
    _printf_truncate_signed                  0x00000a19   Thumb Code    18  _printf_truncate.o(.text)
    _printf_truncate_unsigned                0x00000a2b   Thumb Code    18  _printf_truncate.o(.text)
    _printf_str                              0x00000a3d   Thumb Code    82  _printf_str.o(.text)
    _printf_int_dec                          0x00000a91   Thumb Code    90  _printf_dec.o(.text)
    _printf_charcount                        0x00000afd   Thumb Code    38  _printf_charcount.o(.text)
    _printf_char_file                        0x00000b25   Thumb Code    34  _printf_char_file.o(.text)
    _printf_wctomb                           0x00000b4d   Thumb Code   182  _printf_wctomb.o(.text)
    _printf_longlong_dec                     0x00000c09   Thumb Code    94  _printf_longlong_dec.o(.text)
    _printf_longlong_oct                     0x00000c79   Thumb Code    68  _printf_oct_int_ll.o(.text)
    _printf_int_oct                          0x00000cbd   Thumb Code    24  _printf_oct_int_ll.o(.text)
    _printf_ll_oct                           0x00000cd5   Thumb Code    10  _printf_oct_int_ll.o(.text)
    _printf_longlong_hex                     0x00000ce9   Thumb Code    88  _printf_hex_int_ll_ptr.o(.text)
    _printf_int_hex                          0x00000d41   Thumb Code    28  _printf_hex_int_ll_ptr.o(.text)
    _printf_ll_hex                           0x00000d5d   Thumb Code    10  _printf_hex_int_ll_ptr.o(.text)
    _printf_hex_ptr                          0x00000d67   Thumb Code    22  _printf_hex_int_ll_ptr.o(.text)
    __printf                                 0x00000d81   Thumb Code   386  __printf_flags_ss_wp.o(.text)
    _chval                                   0x00000f09   Thumb Code    30  _chval.o(.text)
    __vfscanf_char                           0x00000f35   Thumb Code    28  scanf_char.o(.text)
    _sgetc                                   0x00000f59   Thumb Code    32  _sgetc.o(.text)
    _sbackspace                              0x00000f79   Thumb Code    36  _sgetc.o(.text)
    _fseek                                   0x00000f9d   Thumb Code   240  fseek.o(.text)
    fseek                                    0x00000f9d   Thumb Code     0  fseek.o(.text)
    _seterr                                  0x00001091   Thumb Code    20  stdio.o(.text)
    _writebuf                                0x000010a5   Thumb Code    76  stdio.o(.text)
    _fflush                                  0x000010f1   Thumb Code    76  stdio.o(.text)
    _deferredlazyseek                        0x0000113d   Thumb Code    60  stdio.o(.text)
    _initio                                  0x00001181   Thumb Code   216  initio.o(.text)
    _terminateio                             0x00001259   Thumb Code    56  initio.o(.text)
    __aeabi_memcpy                           0x000012bd   Thumb Code   130  rt_memcpy.o(.text)
    __rt_memcpy                              0x000012bd   Thumb Code     0  rt_memcpy.o(.text)
    _memset_w                                0x0000133f   Thumb Code    26  rt_memclr.o(.text)
    _memset                                  0x00001359   Thumb Code    30  rt_memclr.o(.text)
    __aeabi_memclr                           0x00001377   Thumb Code     4  rt_memclr.o(.text)
    __rt_memclr                              0x00001377   Thumb Code     0  rt_memclr.o(.text)
    __aeabi_memclr4                          0x0000137b   Thumb Code     0  rt_memclr.o(.text)
    __aeabi_memclr8                          0x0000137b   Thumb Code     0  rt_memclr.o(.text)
    __rt_memclr_w                            0x0000137b   Thumb Code     4  rt_memclr.o(.text)
    _terminate_user_alloc                    0x0000137f   Thumb Code     2  init_alloc.o(.text)
    _init_user_alloc                         0x00001381   Thumb Code     2  init_alloc.o(.text)
    __Heap_Full                              0x00001383   Thumb Code    32  init_alloc.o(.text)
    __Heap_Broken                            0x000013a3   Thumb Code    10  init_alloc.o(.text)
    _init_alloc                              0x000013ad   Thumb Code    90  init_alloc.o(.text)
    __Heap_Initialize                        0x00001407   Thumb Code    10  h1_init.o(.text)
    __Heap_DescSize                          0x00001411   Thumb Code     4  h1_init.o(.text)
    _ll_udiv10                               0x00001415   Thumb Code   122  lludiv10.o(.text)
    isspace                                  0x0000148f   Thumb Code    18  isspace.o(.text)
    _printf_int_common                       0x000014a1   Thumb Code   176  _printf_intcommon.o(.text)
    __lib_sel_fp_printf                      0x00001551   Thumb Code     2  _printf_fp_dec.o(.text)
    _printf_fp_dec_real                      0x000016ef   Thumb Code   620  _printf_fp_dec.o(.text)
    _printf_fp_hex_real                      0x00001969   Thumb Code   718  _printf_fp_hex.o(.text)
    _printf_char_common                      0x00001c4b   Thumb Code    32  _printf_char_common.o(.text)
    _printf_cs_common                        0x00001c71   Thumb Code    22  _printf_char.o(.text)
    _printf_char                             0x00001c87   Thumb Code    16  _printf_char.o(.text)
    _printf_string                           0x00001c97   Thumb Code     8  _printf_char.o(.text)
    _printf_lcs_common                       0x00001c9f   Thumb Code    22  _printf_wchar.o(.text)
    _printf_wchar                            0x00001cb5   Thumb Code    16  _printf_wchar.o(.text)
    _printf_wstring                          0x00001cc5   Thumb Code     8  _printf_wchar.o(.text)
    __vfscanf                                0x00001ccd   Thumb Code   880  _scanf.o(.text)
    ferror                                   0x0000204d   Thumb Code     8  ferror.o(.text)
    _ftell_internal                          0x00002055   Thumb Code    66  ftell.o(.text)
    ftell                                    0x00002055   Thumb Code     0  ftell.o(.text)
    setvbuf                                  0x00002099   Thumb Code    72  setvbuf.o(.text)
    freopen                                  0x000020e5   Thumb Code   148  fopen.o(.text)
    fopen                                    0x00002179   Thumb Code    76  fopen.o(.text)
    _fclose_internal                         0x000021cd   Thumb Code    72  fclose.o(.text)
    fclose                                   0x000021cd   Thumb Code     0  fclose.o(.text)
    _wcrtomb                                 0x00002219   Thumb Code    64  _wcrtomb.o(.text)
    __sig_exit                               0x00002259   Thumb Code    12  defsig_exit.o(.text)
    __rt_SIGRTRED                            0x00002265   Thumb Code    12  defsig_rtred_outer.o(.text)
    __rt_udiv10                              0x00002271   Thumb Code    40  rtudiv10.o(.text)
    _sys_exit                                0x00002299   Thumb Code     8  sys_exit.o(.text)
    __rt_ctype_table                         0x000022a5   Thumb Code    16  rt_ctype_table.o(.text)
    __rt_locale                              0x000022b5   Thumb Code     8  rt_locale.o(.text)
    __aeabi_errno_addr                       0x000022bd   Thumb Code     8  rt_errno_addr.o(.text)
    __errno                                  0x000022bd   Thumb Code     0  rt_errno_addr.o(.text)
    __rt_errno_addr                          0x000022bd   Thumb Code     0  rt_errno_addr.o(.text)
    __Heap_ProvideMemory                     0x000022c5   Thumb Code    52  h1_extend.o(.text)
    _printf_fp_infnan                        0x000022f9   Thumb Code   120  _printf_fp_infnan.o(.text)
    _btod_etento                             0x00002381   Thumb Code   210  bigflt0.o(.text)
    _btod_d2e                                0x00002459   Thumb Code    64  btod.o(.text)
    _btod_emul                               0x0000288d   Thumb Code    28  btod.o(.text)
    _btod_emuld                              0x000028a9   Thumb Code   144  btod.o(.text)
    _btod_ediv                               0x00002939   Thumb Code    26  btod.o(.text)
    _btod_edivd                              0x00002953   Thumb Code   124  btod.o(.text)
    __flsbuf                                 0x000029d9   Thumb Code   486  flsbuf.o(.text)
    __flsbuf_byte                            0x000029d9   Thumb Code     0  flsbuf.o(.text)
    __flsbuf_wide                            0x000029d9   Thumb Code     0  flsbuf.o(.text)
    __default_signal_display                 0x00002bc9   Thumb Code    52  defsig_general.o(.text)
    __rt_SIGRTRED_inner                      0x00002bfd   Thumb Code    14  defsig_rtred_inner.o(.text)
    __rt_SIGRTMEM                            0x00002c31   Thumb Code    12  defsig_rtmem_outer.o(.text)
    __rt_heap_escrow                         0x00002c3d   Thumb Code    24  heapauxa.o(.text)
    __rt_heap_expand                         0x00002c55   Thumb Code    52  heapauxa.o(.text)
    _ttywrch                                 0x00002c8d   Thumb Code    12  sys_wrch.o(.text)
    __rt_SIGRTMEM_inner                      0x00002c99   Thumb Code    22  defsig_rtmem_inner.o(.text)
    main                                     0x00002ce9   Thumb Code    16  retarget.o(i.$Sub$$main)
    NMI_Handler                              0x00002cf9   Thumb Code    16  mbed_overrides.o(i.NMI_Handler)
    NVIC_SetVector                           0x00002d09   Thumb Code    80  cmsis_nvic.o(i.NVIC_SetVector)
    SystemInit                               0x00002d61   Thumb Code   120  system_MKL25Z4.o(i.SystemInit)
    mbed::FileBase::getPathType()            0x00002df9   Thumb Code     4  FileBase.o(i._ZN4mbed8FileBase11getPathTypeEv)
    mbed::FileBase::lookup(const char*, unsigned) 0x00002dfd   Thumb Code    56  FileBase.o(i._ZN4mbed8FileBase6lookupEPKcj)
    mbed::FilePath::fileSystem()             0x00002e39   Thumb Code    26  FilePath.o(i._ZN4mbed8FilePath10fileSystemEv)
    mbed::FilePath::file()                   0x00002e53   Thumb Code    32  FilePath.o(i._ZN4mbed8FilePath4fileEv)
    mbed::FilePath::exists()                 0x00002e73   Thumb Code    10  FilePath.o(i._ZN4mbed8FilePath6existsEv)
    mbed::FilePath::isFile()                 0x00002e7d   Thumb Code    24  FilePath.o(i._ZN4mbed8FilePath6isFileEv)
    mbed::FilePath::fileName()               0x00002e95   Thumb Code     4  FilePath.o(i._ZN4mbed8FilePath8fileNameEv)
    mbed::FilePath::FilePath(const char*)    0x00002e99   Thumb Code    68  FilePath.o(i._ZN4mbed8FilePathC1EPKc)
    mbed::FilePath::FilePath__sub_object(const char*) 0x00002e99   Thumb Code     0  FilePath.o(i._ZN4mbed8FilePathC1EPKc)
    __ARM_common_ll_muluu                    0x00002edd   Thumb Code    48  btod.o(i.__ARM_common_ll_muluu)
    __ARM_fpclassify                         0x00002f0d   Thumb Code    40  fpclassify.o(i.__ARM_fpclassify)
    __user_setup_stackheap                   0x00002f39   Thumb Code    10  sys.o(i.__user_setup_stackheap)
    _is_digit                                0x00002f49   Thumb Code    14  __printf_wp.o(i._is_digit)
    _sys_close                               0x00002f59   Thumb Code    38  retarget.o(i._sys_close)
    _sys_flen                                0x00002f85   Thumb Code    34  retarget.o(i._sys_flen)
    _sys_istty                               0x00002fad   Thumb Code    34  retarget.o(i._sys_istty)
    _sys_open                                0x00002fd5   Thumb Code   290  retarget.o(i._sys_open)
    _sys_seek                                0x00003115   Thumb Code    36  retarget.o(i._sys_seek)
    _sys_write                               0x0000313d   Thumb Code    84  retarget.o(i._sys_write)
    error                                    0x0000319d   Thumb Code    20  error.o(i.error)
    exit                                     0x000031b5   Thumb Code    36  exit.o(i.exit)
    fputc                                    0x000031e1   Thumb Code    30  fputc.o(i.fputc)
    gpio_dir                                 0x000031ff   Thumb Code    30  gpio_api.o(i.gpio_dir)
    gpio_init                                0x0000321d   Thumb Code    56  gpio_api.o(i.gpio_init)
    gpio_init_in                             0x00003259   Thumb Code    34  gpio.o(i.gpio_init_in)
    gpio_init_out                            0x0000327b   Thumb Code    40  gpio.o(i.gpio_init_out)
    gpio_mode                                0x000032a3   Thumb Code    14  gpio_api.o(i.gpio_mode)
    mbed_die                                 0x00003311   Thumb Code    38  board.o(i.mbed_die)
    mbed_interface_connected                 0x0000333d   Thumb Code     8  mbed_interface.o(i.mbed_interface_connected)
    mbed_sdk_init                            0x00003345   Thumb Code     2  retarget.o(i.mbed_sdk_init)
    pin_function                             0x00003349   Thumb Code    58  pinmap.o(i.pin_function)
    pin_mode                                 0x0000338d   Thumb Code    20  pinmap.o(i.pin_mode)
    pinmap_merge                             0x000033a5   Thumb Code    30  pinmap_common.o(i.pinmap_merge)
    pinmap_peripheral                        0x000033d9   Thumb Code    60  pinmap_common.o(i.pinmap_peripheral)
    pinmap_pinout                            0x00003435   Thumb Code    60  pinmap_common.o(i.pinmap_pinout)
    semihost_connected                       0x00003485   Thumb Code     6  semihost_api.o(i.semihost_connected)
    semihost_exit                            0x00003491   Thumb Code    12  semihost_api.o(i.semihost_exit)
    serial_baud                              0x0000349d   Thumb Code   352  serial_api.o(i.serial_baud)
    serial_format                            0x0000361d   Thumb Code   126  serial_api.o(i.serial_format)
    serial_init                              0x000036a9   Thumb Code   286  serial_api.o(i.serial_init)
    serial_putc                              0x00003815   Thumb Code    36  serial_api.o(i.serial_putc)
    us_ticker_clear_interrupt                0x00003839   Thumb Code     2  us_ticker.o(i.us_ticker_clear_interrupt)
    us_ticker_disable_interrupt              0x0000383d   Thumb Code    12  us_ticker.o(i.us_ticker_disable_interrupt)
    us_ticker_init                           0x0000384d   Thumb Code   392  us_ticker.o(i.us_ticker_init)
    us_ticker_irq_handler                    0x00003a0d   Thumb Code    58  us_ticker_api.o(i.us_ticker_irq_handler)
    us_ticker_read                           0x00003a4d   Thumb Code    22  us_ticker.o(i.us_ticker_read)
    us_ticker_set_interrupt                  0x00003a6d   Thumb Code    98  us_ticker.o(i.us_ticker_set_interrupt)
    wait_ms                                  0x00003ae1   Thumb Code    28  wait_api.o(i.wait_ms)
    _get_lc_numeric                          0x00003afd   Thumb Code    44  lc_numeric_c.o(locale$$code)
    _get_lc_ctype                            0x00003b29   Thumb Code    44  lc_ctype_c.o(locale$$code)
    _printf_fp_dec                           0x00003b55   Thumb Code    16  printf1.o(x$fpl$printf1)
    _printf_fp_hex                           0x00003b65   Thumb Code    16  printf2.o(x$fpl$printf2)
    __I$use$fp                               0x00003b74   Number         0  usenofp.o(x$fpl$usenofp)
    __stdin_name                             0x00003b74   Data           7  retarget.o(.constdata)
    __stdout_name                            0x00003b7b   Data           8  retarget.o(.constdata)
    __stderr_name                            0x00003b83   Data           8  retarget.o(.constdata)
    PinMap_UART_TX                           0x00003c04   Data         108  PeripheralPins.o(.constdata)
    PinMap_UART_RX                           0x00003c70   Data         108  PeripheralPins.o(.constdata)
    Region$$Table$$Base                      0x00003dd8   Number         0  anon$$obj.o(Region$$Table)
    Region$$Table$$Limit                     0x00003df8   Number         0  anon$$obj.o(Region$$Table)
    __ctype                                  0x00003e21   Data           0  lc_ctype_c.o(locale$$data)
    SystemCoreClock                          0x1ffff0c0   Data           4  system_MKL25Z4.o(.data)
    stdio_uart_inited                        0x1ffff0c4   Data           4  serial_api.o(.data)
    stdio_uart                               0x1ffff0cc   Data           8  serial_api.o(.data)
    mbed::FileBase::_head                    0x1ffff0e0   Data           4  FileBase.o(.data)
    __aeabi_stdin                            0x1ffff0f0   Data           4  stdio_streams.o(.data)
    __aeabi_stdout                           0x1ffff0f4   Data           4  stdio_streams.o(.data)
    __aeabi_stderr                           0x1ffff0f8   Data           4  stdio_streams.o(.data)
    __stdin                                  0x1ffff140   Data          84  stdio_streams.o(.bss)
    __stdout                                 0x1ffff194   Data          84  stdio_streams.o(.bss)
    __stderr                                 0x1ffff1e8   Data          84  stdio_streams.o(.bss)
    Image$$RW_IRAM1$$ZI$$Limit               0x1ffff258   Number         0  anon$$obj.o ABSOLUTE



==============================================================================

Memory Map of the image

  Image Entry point : 0x000000c1

  Load Region LR_IROM1 (Base: 0x00000000, Size: 0x00003f64, Max: 0x00020000, ABSOLUTE)

    Execution Region ER_IROM1 (Exec base: 0x00000000, Load base: 0x00000000, Size: 0x00003f24, Max: 0x00020000, ABSOLUTE)

    Exec Addr    Load Addr    Size         Type   Attr      Idx    E Section Name        Object

    0x00000000   0x00000000   0x000000c0   Data   RO           45    RESET               startup_MKL25Z4.o
    0x000000c0   0x000000c0   0x00000008   Code   RO          497  * !!!main             c_p.l(__main.o)
    0x000000c8   0x000000c8   0x0000003c   Code   RO         1188    !!!scatter          c_p.l(__scatter.o)
    0x00000104   0x00000104   0x0000001a   Code   RO         1190    !!handler_copy      c_p.l(__scatter_copy.o)
    0x0000011e   0x0000011e   0x00000002   PAD
    0x00000120   0x00000120   0x0000001c   Code   RO         1192    !!handler_zi        c_p.l(__scatter_zi.o)
    0x0000013c   0x0000013c   0x00000002   Code   RO          770    .ARM.Collect$$_printf_percent$$00000000  c_p.l(_printf_percent.o)
    0x0000013e   0x0000013e   0x0000000a   Code   RO          759    .ARM.Collect$$_printf_percent$$00000001  c_p.l(_printf_n.o)
    0x00000148   0x00000148   0x0000000a   Code   RO          761    .ARM.Collect$$_printf_percent$$00000002  c_p.l(_printf_p.o)
    0x00000152   0x00000152   0x0000000a   Code   RO          766    .ARM.Collect$$_printf_percent$$00000003  c_p.l(_printf_f.o)
    0x0000015c   0x0000015c   0x0000000a   Code   RO          767    .ARM.Collect$$_printf_percent$$00000004  c_p.l(_printf_e.o)
    0x00000166   0x00000166   0x0000000a   Code   RO          768    .ARM.Collect$$_printf_percent$$00000005  c_p.l(_printf_g.o)
    0x00000170   0x00000170   0x0000000a   Code   RO          769    .ARM.Collect$$_printf_percent$$00000006  c_p.l(_printf_a.o)
    0x0000017a   0x0000017a   0x0000000a   Code   RO          774    .ARM.Collect$$_printf_percent$$00000007  c_p.l(_printf_ll.o)
    0x00000184   0x00000184   0x0000000a   Code   RO          763    .ARM.Collect$$_printf_percent$$00000008  c_p.l(_printf_i.o)
    0x0000018e   0x0000018e   0x0000000a   Code   RO          764    .ARM.Collect$$_printf_percent$$00000009  c_p.l(_printf_d.o)
    0x00000198   0x00000198   0x0000000a   Code   RO          765    .ARM.Collect$$_printf_percent$$0000000A  c_p.l(_printf_u.o)
    0x000001a2   0x000001a2   0x0000000a   Code   RO          762    .ARM.Collect$$_printf_percent$$0000000B  c_p.l(_printf_o.o)
    0x000001ac   0x000001ac   0x0000000a   Code   RO          760    .ARM.Collect$$_printf_percent$$0000000C  c_p.l(_printf_x.o)
    0x000001b6   0x000001b6   0x0000000a   Code   RO          771    .ARM.Collect$$_printf_percent$$0000000D  c_p.l(_printf_lli.o)
    0x000001c0   0x000001c0   0x0000000a   Code   RO          772    .ARM.Collect$$_printf_percent$$0000000E  c_p.l(_printf_lld.o)
    0x000001ca   0x000001ca   0x0000000a   Code   RO          773    .ARM.Collect$$_printf_percent$$0000000F  c_p.l(_printf_llu.o)
    0x000001d4   0x000001d4   0x0000000a   Code   RO          778    .ARM.Collect$$_printf_percent$$00000010  c_p.l(_printf_llo.o)
    0x000001de   0x000001de   0x0000000a   Code   RO          779    .ARM.Collect$$_printf_percent$$00000011  c_p.l(_printf_llx.o)
    0x000001e8   0x000001e8   0x0000000a   Code   RO          775    .ARM.Collect$$_printf_percent$$00000012  c_p.l(_printf_l.o)
    0x000001f2   0x000001f2   0x0000000a   Code   RO          757    .ARM.Collect$$_printf_percent$$00000013  c_p.l(_printf_c.o)
    0x000001fc   0x000001fc   0x0000000a   Code   RO          758    .ARM.Collect$$_printf_percent$$00000014  c_p.l(_printf_s.o)
    0x00000206   0x00000206   0x0000000a   Code   RO          776    .ARM.Collect$$_printf_percent$$00000015  c_p.l(_printf_lc.o)
    0x00000210   0x00000210   0x0000000a   Code   RO          777    .ARM.Collect$$_printf_percent$$00000016  c_p.l(_printf_ls.o)
    0x0000021a   0x0000021a   0x00000004   Code   RO          912    .ARM.Collect$$_printf_percent$$00000017  c_p.l(_printf_percent_end.o)
    0x0000021e   0x0000021e   0x00000002   Code   RO         1112    .ARM.Collect$$libinit$$00000000  c_p.l(libinit.o)
    0x00000220   0x00000220   0x00000000   Code   RO          952    .ARM.Collect$$libinit$$00000002  c_p.l(libinit2.o)
    0x00000220   0x00000220   0x00000000   Code   RO          954    .ARM.Collect$$libinit$$00000004  c_p.l(libinit2.o)
    0x00000220   0x00000220   0x00000008   Code   RO          955    .ARM.Collect$$libinit$$00000005  c_p.l(libinit2.o)
    0x00000228   0x00000228   0x00000000   Code   RO          957    .ARM.Collect$$libinit$$0000000A  c_p.l(libinit2.o)
    0x00000228   0x00000228   0x00000000   Code   RO          959    .ARM.Collect$$libinit$$0000000C  c_p.l(libinit2.o)
    0x00000228   0x00000228   0x00000000   Code   RO          961    .ARM.Collect$$libinit$$0000000E  c_p.l(libinit2.o)
    0x00000228   0x00000228   0x00000006   Code   RO          962    .ARM.Collect$$libinit$$0000000F  c_p.l(libinit2.o)
    0x0000022e   0x0000022e   0x00000000   Code   RO          964    .ARM.Collect$$libinit$$00000011  c_p.l(libinit2.o)
    0x0000022e   0x0000022e   0x0000000c   Code   RO          965    .ARM.Collect$$libinit$$00000012  c_p.l(libinit2.o)
    0x0000023a   0x0000023a   0x00000000   Code   RO          966    .ARM.Collect$$libinit$$00000013  c_p.l(libinit2.o)
    0x0000023a   0x0000023a   0x00000000   Code   RO          968    .ARM.Collect$$libinit$$00000015  c_p.l(libinit2.o)
    0x0000023a   0x0000023a   0x0000000a   Code   RO          969    .ARM.Collect$$libinit$$00000016  c_p.l(libinit2.o)
    0x00000244   0x00000244   0x00000000   Code   RO          970    .ARM.Collect$$libinit$$00000017  c_p.l(libinit2.o)
    0x00000244   0x00000244   0x00000000   Code   RO          972    .ARM.Collect$$libinit$$00000019  c_p.l(libinit2.o)
    0x00000244   0x00000244   0x00000000   Code   RO          974    .ARM.Collect$$libinit$$0000001B  c_p.l(libinit2.o)
    0x00000244   0x00000244   0x00000000   Code   RO          976    .ARM.Collect$$libinit$$0000001D  c_p.l(libinit2.o)
    0x00000244   0x00000244   0x00000000   Code   RO          978    .ARM.Collect$$libinit$$0000001F  c_p.l(libinit2.o)
    0x00000244   0x00000244   0x00000000   Code   RO          980    .ARM.Collect$$libinit$$00000021  c_p.l(libinit2.o)
    0x00000244   0x00000244   0x00000000   Code   RO          982    .ARM.Collect$$libinit$$00000023  c_p.l(libinit2.o)
    0x00000244   0x00000244   0x00000004   Code   RO          983    .ARM.Collect$$libinit$$00000024  c_p.l(libinit2.o)
    0x00000248   0x00000248   0x00000000   Code   RO          984    .ARM.Collect$$libinit$$00000025  c_p.l(libinit2.o)
    0x00000248   0x00000248   0x00000000   Code   RO          988    .ARM.Collect$$libinit$$0000002C  c_p.l(libinit2.o)
    0x00000248   0x00000248   0x00000000   Code   RO          990    .ARM.Collect$$libinit$$0000002E  c_p.l(libinit2.o)
    0x00000248   0x00000248   0x00000000   Code   RO          992    .ARM.Collect$$libinit$$00000030  c_p.l(libinit2.o)
    0x00000248   0x00000248   0x00000000   Code   RO          994    .ARM.Collect$$libinit$$00000032  c_p.l(libinit2.o)
    0x00000248   0x00000248   0x00000002   Code   RO          995    .ARM.Collect$$libinit$$00000033  c_p.l(libinit2.o)
    0x0000024a   0x0000024a   0x00000000   Code   RO          999    .ARM.Collect$$libshutdown$$00000004  c_p.l(libshutdown2.o)
    0x0000024a   0x0000024a   0x00000000   Code   RO          619    .ARM.Collect$$rtentry$$00000000  c_p.l(__rtentry.o)
    0x0000024a   0x0000024a   0x00000000   Code   RO          852    .ARM.Collect$$rtentry$$00000002  c_p.l(__rtentry2.o)
    0x0000024a   0x0000024a   0x00000006   Code   RO          864    .ARM.Collect$$rtentry$$00000004  c_p.l(__rtentry4.o)
    0x00000250   0x00000250   0x00000000   Code   RO          854    .ARM.Collect$$rtentry$$00000009  c_p.l(__rtentry2.o)
    0x00000250   0x00000250   0x00000004   Code   RO          855    .ARM.Collect$$rtentry$$0000000A  c_p.l(__rtentry2.o)
    0x00000254   0x00000254   0x00000000   Code   RO          857    .ARM.Collect$$rtentry$$0000000C  c_p.l(__rtentry2.o)
    0x00000254   0x00000254   0x00000008   Code   RO          858    .ARM.Collect$$rtentry$$0000000D  c_p.l(__rtentry2.o)
    0x0000025c   0x0000025c   0x00000038   Code   RO            1    .emb_text           main.o
    0x00000294   0x00000294   0x00000038   Code   RO          799    .emb_text           c_p.l(rt_memcpy.o)
    0x000002cc   0x000002cc   0x00000000   Code   RO         1062    .emb_text           c_p.l(maybetermalloc1.o)
    0x000002cc   0x000002cc   0x0000000c   Code   RO            2    .text               main.o
    0x000002d8   0x000002d8   0x0000001c   Code   RO           47    .text               startup_MKL25Z4.o
    0x000002f4   0x000002f4   0x0000000e   Code   RO          467    .text               c_p.l(vfprintf.o)
    0x00000302   0x00000302   0x00000002   PAD
    0x00000304   0x00000304   0x00000040   Code   RO          469    .text               c_p.l(__0sscanf.o)
    0x00000344   0x00000344   0x00000068   Code   RO          473    .text               c_p.l(fflush.o)
    0x000003ac   0x000003ac   0x00000044   Code   RO          483    .text               c_p.l(strlen.o)
    0x000003f0   0x000003f0   0x00000008   Code   RO          870    .text               c_p.l(rt_heap_descriptor.o)
    0x000003f8   0x000003f8   0x00000004   Code   RO          875    .text               c_p.l(hguard.o)
    0x000003fc   0x000003fc   0x00000002   Code   RO         1136    .text               c_p.l(use_no_semi.o)
    0x000003fe   0x000003fe   0x00000000   Code   RO         1138    .text               c_p.l(indicate_semi.o)
    0x000003fe   0x000003fe   0x00000002   Code   RO           70    i.mbed_main         retarget.o
    0x00000400   0x00000400   0x00000010   Code   RO           46    .ARM.__at_0x400     startup_MKL25Z4.o
    0x00000410   0x00000410   0x0000014a   Code   RO          471    .text               c_p.l(_scanf_int.o)
    0x0000055a   0x0000055a   0x00000002   PAD
    0x0000055c   0x0000055c   0x000000a0   Code   RO          485    .text               c_p.l(strncmp.o)
    0x000005fc   0x000005fc   0x00000096   Code   RO          487    .text               c_p.l(rt_memmove.o)
    0x00000692   0x00000692   0x00000002   PAD
    0x00000694   0x00000694   0x000000a0   Code   RO          491    .text               c_p.l(strcmpv6m.o)
    0x00000734   0x00000734   0x000001e8   Code   RO          493    .text               c_p.l(aeabi_sdivfast.o)
    0x0000091c   0x0000091c   0x00000062   Code   RO          633    .text               c_p.l(h1_alloc.o)
    0x0000097e   0x0000097e   0x0000004c   Code   RO          635    .text               c_p.l(h1_free.o)
    0x000009ca   0x000009ca   0x0000004e   Code   RO          693    .text               c_p.l(_printf_pad.o)
    0x00000a18   0x00000a18   0x00000024   Code   RO          695    .text               c_p.l(_printf_truncate.o)
    0x00000a3c   0x00000a3c   0x00000052   Code   RO          697    .text               c_p.l(_printf_str.o)
    0x00000a8e   0x00000a8e   0x00000002   PAD
    0x00000a90   0x00000a90   0x0000006c   Code   RO          699    .text               c_p.l(_printf_dec.o)
    0x00000afc   0x00000afc   0x00000026   Code   RO          701    .text               c_p.l(_printf_charcount.o)
    0x00000b22   0x00000b22   0x00000002   PAD
    0x00000b24   0x00000b24   0x00000028   Code   RO          703    .text               c_p.l(_printf_char_file.o)
    0x00000b4c   0x00000b4c   0x000000bc   Code   RO          705    .text               c_p.l(_printf_wctomb.o)
    0x00000c08   0x00000c08   0x00000070   Code   RO          708    .text               c_p.l(_printf_longlong_dec.o)
    0x00000c78   0x00000c78   0x00000070   Code   RO          714    .text               c_p.l(_printf_oct_int_ll.o)
    0x00000ce8   0x00000ce8   0x00000098   Code   RO          734    .text               c_p.l(_printf_hex_int_ll_ptr.o)
    0x00000d80   0x00000d80   0x00000188   Code   RO          754    .text               c_p.l(__printf_flags_ss_wp.o)
    0x00000f08   0x00000f08   0x0000001e   Code   RO          780    .text               c_p.l(_chval.o)
    0x00000f26   0x00000f26   0x00000002   PAD
    0x00000f28   0x00000f28   0x00000030   Code   RO          782    .text               c_p.l(scanf_char.o)
    0x00000f58   0x00000f58   0x00000044   Code   RO          784    .text               c_p.l(_sgetc.o)
    0x00000f9c   0x00000f9c   0x000000f4   Code   RO          786    .text               c_p.l(fseek.o)
    0x00001090   0x00001090   0x000000f0   Code   RO          788    .text               c_p.l(stdio.o)
    0x00001180   0x00001180   0x0000013c   Code   RO          791    .text               c_p.l(initio.o)
    0x000012bc   0x000012bc   0x00000082   Code   RO          800    .text               c_p.l(rt_memcpy.o)
    0x0000133e   0x0000133e   0x00000040   Code   RO          803    .text               c_p.l(rt_memclr.o)
    0x0000137e   0x0000137e   0x00000088   Code   RO          877    .text               c_p.l(init_alloc.o)
    0x00001406   0x00001406   0x0000000e   Code   RO          881    .text               c_p.l(h1_init.o)
    0x00001414   0x00001414   0x0000007a   Code   RO          895    .text               c_p.l(lludiv10.o)
    0x0000148e   0x0000148e   0x00000012   Code   RO          897    .text               c_p.l(isspace.o)
    0x000014a0   0x000014a0   0x000000b0   Code   RO          899    .text               c_p.l(_printf_intcommon.o)
    0x00001550   0x00001550   0x00000418   Code   RO          901    .text               c_p.l(_printf_fp_dec.o)
    0x00001968   0x00001968   0x000002d8   Code   RO          903    .text               c_p.l(_printf_fp_hex.o)
    0x00001c40   0x00001c40   0x00000030   Code   RO          906    .text               c_p.l(_printf_char_common.o)
    0x00001c70   0x00001c70   0x0000002e   Code   RO          908    .text               c_p.l(_printf_char.o)
    0x00001c9e   0x00001c9e   0x0000002e   Code   RO          910    .text               c_p.l(_printf_wchar.o)
    0x00001ccc   0x00001ccc   0x00000380   Code   RO          913    .text               c_p.l(_scanf.o)
    0x0000204c   0x0000204c   0x00000008   Code   RO          915    .text               c_p.l(ferror.o)
    0x00002054   0x00002054   0x00000042   Code   RO          921    .text               c_p.l(ftell.o)
    0x00002096   0x00002096   0x00000002   PAD
    0x00002098   0x00002098   0x0000004c   Code   RO          923    .text               c_p.l(setvbuf.o)
    0x000020e4   0x000020e4   0x000000e8   Code   RO          925    .text               c_p.l(fopen.o)
    0x000021cc   0x000021cc   0x0000004c   Code   RO          927    .text               c_p.l(fclose.o)
    0x00002218   0x00002218   0x00000040   Code   RO          937    .text               c_p.l(_wcrtomb.o)
    0x00002258   0x00002258   0x0000000c   Code   RO          939    .text               c_p.l(defsig_exit.o)
    0x00002264   0x00002264   0x0000000c   Code   RO          941    .text               c_p.l(defsig_rtred_outer.o)
    0x00002270   0x00002270   0x00000028   Code   RO          947    .text               c_p.l(rtudiv10.o)
    0x00002298   0x00002298   0x0000000c   Code   RO         1041    .text               c_p.l(sys_exit.o)
    0x000022a4   0x000022a4   0x00000010   Code   RO         1043    .text               c_p.l(rt_ctype_table.o)
    0x000022b4   0x000022b4   0x00000008   Code   RO         1045    .text               c_p.l(rt_locale.o)
    0x000022bc   0x000022bc   0x00000008   Code   RO         1055    .text               c_p.l(rt_errno_addr.o)
    0x000022c4   0x000022c4   0x00000034   Code   RO         1064    .text               c_p.l(h1_extend.o)
    0x000022f8   0x000022f8   0x00000088   Code   RO         1068    .text               c_p.l(_printf_fp_infnan.o)
    0x00002380   0x00002380   0x000000d8   Code   RO         1072    .text               c_p.l(bigflt0.o)
    0x00002458   0x00002458   0x00000580   Code   RO         1075    .text               c_p.l(btod.o)
    0x000029d8   0x000029d8   0x000001f0   Code   RO         1079    .text               c_p.l(flsbuf.o)
    0x00002bc8   0x00002bc8   0x00000034   Code   RO         1088    .text               c_p.l(defsig_general.o)
    0x00002bfc   0x00002bfc   0x00000034   Code   RO         1094    .text               c_p.l(defsig_rtred_inner.o)
    0x00002c30   0x00002c30   0x0000000c   Code   RO         1096    .text               c_p.l(defsig_rtmem_outer.o)
    0x00002c3c   0x00002c3c   0x00000050   Code   RO         1100    .text               c_p.l(heapauxa.o)
    0x00002c8c   0x00002c8c   0x0000000c   Code   RO         1134    .text               c_p.l(sys_wrch.o)
    0x00002c98   0x00002c98   0x00000050   Code   RO         1158    .text               c_p.l(defsig_rtmem_inner.o)
    0x00002ce8   0x00002ce8   0x00000010   Code   RO           57    i.$Sub$$main        retarget.o
    0x00002cf8   0x00002cf8   0x00000010   Code   RO           41    i.NMI_Handler       mbed_overrides.o
    0x00002d08   0x00002d08   0x00000058   Code   RO           25    i.NVIC_SetVector    cmsis_nvic.o
    0x00002d60   0x00002d60   0x00000098   Code   RO           33    i.SystemInit        system_MKL25Z4.o
    0x00002df8   0x00002df8   0x00000004   Code   RO          379    i._ZN4mbed8FileBase11getPathTypeEv  mbed.ar(FileBase.o)
    0x00002dfc   0x00002dfc   0x0000003c   Code   RO          381    i._ZN4mbed8FileBase6lookupEPKcj  mbed.ar(FileBase.o)
    0x00002e38   0x00002e38   0x0000001a   Code   RO          223    i._ZN4mbed8FilePath10fileSystemEv  mbed.ar(FilePath.o)
    0x00002e52   0x00002e52   0x00000020   Code   RO          225    i._ZN4mbed8FilePath4fileEv  mbed.ar(FilePath.o)
    0x00002e72   0x00002e72   0x0000000a   Code   RO          226    i._ZN4mbed8FilePath6existsEv  mbed.ar(FilePath.o)
    0x00002e7c   0x00002e7c   0x00000018   Code   RO          227    i._ZN4mbed8FilePath6isFileEv  mbed.ar(FilePath.o)
    0x00002e94   0x00002e94   0x00000004   Code   RO          228    i._ZN4mbed8FilePath8fileNameEv  mbed.ar(FilePath.o)
    0x00002e98   0x00002e98   0x00000044   Code   RO          229    i._ZN4mbed8FilePathC1EPKc  mbed.ar(FilePath.o)
    0x00002edc   0x00002edc   0x00000030   Code   RO         1077    i.__ARM_common_ll_muluu  c_p.l(btod.o)
    0x00002f0c   0x00002f0c   0x0000002c   Code   RO         1132    i.__ARM_fpclassify  m_ps.l(fpclassify.o)
    0x00002f38   0x00002f38   0x00000010   Code   RO           19    i.__user_setup_stackheap  sys.o
    0x00002f48   0x00002f48   0x0000000e   Code   RO          747    i._is_digit         c_p.l(__printf_wp.o)
    0x00002f56   0x00002f56   0x00000002   PAD
    0x00002f58   0x00002f58   0x0000002c   Code   RO           60    i._sys_close        retarget.o
    0x00002f84   0x00002f84   0x00000028   Code   RO           63    i._sys_flen         retarget.o
    0x00002fac   0x00002fac   0x00000028   Code   RO           64    i._sys_istty        retarget.o
    0x00002fd4   0x00002fd4   0x00000140   Code   RO           65    i._sys_open         retarget.o
    0x00003114   0x00003114   0x00000028   Code   RO           67    i._sys_seek         retarget.o
    0x0000313c   0x0000313c   0x00000060   Code   RO           68    i._sys_write        retarget.o
    0x0000319c   0x0000319c   0x00000018   Code   RO          361    i.error             mbed.ar(error.o)
    0x000031b4   0x000031b4   0x0000002c   Code   RO          409    i.exit              mbed.ar(exit.o)
    0x000031e0   0x000031e0   0x0000001e   Code   RO          918    i.fputc             c_p.l(fputc.o)
    0x000031fe   0x000031fe   0x0000001e   Code   RO          308    i.gpio_dir          mbed.ar(gpio_api.o)
    0x0000321c   0x0000321c   0x0000003c   Code   RO          309    i.gpio_init         mbed.ar(gpio_api.o)
    0x00003258   0x00003258   0x00000022   Code   RO          203    i.gpio_init_in      mbed.ar(gpio.o)
    0x0000327a   0x0000327a   0x00000028   Code   RO          206    i.gpio_init_out     mbed.ar(gpio.o)
    0x000032a2   0x000032a2   0x0000000e   Code   RO          310    i.gpio_mode         mbed.ar(gpio_api.o)
    0x000032b0   0x000032b0   0x00000060   Code   RO          328    i.lptmr_isr         mbed.ar(us_ticker.o)
    0x00003310   0x00003310   0x0000002c   Code   RO           51    i.mbed_die          board.o
    0x0000333c   0x0000333c   0x00000008   Code   RO          428    i.mbed_interface_connected  mbed.ar(mbed_interface.o)
    0x00003344   0x00003344   0x00000002   Code   RO           71    i.mbed_sdk_init     retarget.o
    0x00003346   0x00003346   0x00000002   PAD
    0x00003348   0x00003348   0x00000044   Code   RO          320    i.pin_function      mbed.ar(pinmap.o)
    0x0000338c   0x0000338c   0x00000018   Code   RO          321    i.pin_mode          mbed.ar(pinmap.o)
    0x000033a4   0x000033a4   0x00000034   Code   RO          368    i.pinmap_merge      mbed.ar(pinmap_common.o)
    0x000033d8   0x000033d8   0x0000005c   Code   RO          369    i.pinmap_peripheral  mbed.ar(pinmap_common.o)
    0x00003434   0x00003434   0x00000050   Code   RO          370    i.pinmap_pinout     mbed.ar(pinmap_common.o)
    0x00003484   0x00003484   0x0000000c   Code   RO          448    i.semihost_connected  mbed.ar(semihost_api.o)
    0x00003490   0x00003490   0x0000000c   Code   RO          450    i.semihost_exit     mbed.ar(semihost_api.o)
    0x0000349c   0x0000349c   0x00000180   Code   RO          162    i.serial_baud       mbed.ar(serial_api.o)
    0x0000361c   0x0000361c   0x0000008c   Code   RO          166    i.serial_format     mbed.ar(serial_api.o)
    0x000036a8   0x000036a8   0x0000016c   Code   RO          169    i.serial_init       mbed.ar(serial_api.o)
    0x00003814   0x00003814   0x00000024   Code   RO          173    i.serial_putc       mbed.ar(serial_api.o)
    0x00003838   0x00003838   0x00000002   Code   RO          329    i.us_ticker_clear_interrupt  mbed.ar(us_ticker.o)
    0x0000383a   0x0000383a   0x00000002   PAD
    0x0000383c   0x0000383c   0x00000010   Code   RO          330    i.us_ticker_disable_interrupt  mbed.ar(us_ticker.o)
    0x0000384c   0x0000384c   0x000001c0   Code   RO          331    i.us_ticker_init    mbed.ar(us_ticker.o)
    0x00003a0c   0x00003a0c   0x00000040   Code   RO          416    i.us_ticker_irq_handler  mbed.ar(us_ticker_api.o)
    0x00003a4c   0x00003a4c   0x00000020   Code   RO          332    i.us_ticker_read    mbed.ar(us_ticker.o)
    0x00003a6c   0x00003a6c   0x00000074   Code   RO          333    i.us_ticker_set_interrupt  mbed.ar(us_ticker.o)
    0x00003ae0   0x00003ae0   0x0000001c   Code   RO          216    i.wait_ms           mbed.ar(wait_api.o)
    0x00003afc   0x00003afc   0x0000002c   Code   RO         1082    locale$$code        c_p.l(lc_numeric_c.o)
    0x00003b28   0x00003b28   0x0000002c   Code   RO         1148    locale$$code        c_p.l(lc_ctype_c.o)
    0x00003b54   0x00003b54   0x00000010   Code   RO          837    x$fpl$printf1       fz_ps.l(printf1.o)
    0x00003b64   0x00003b64   0x00000010   Code   RO          839    x$fpl$printf2       fz_ps.l(printf2.o)
    0x00003b74   0x00003b74   0x00000000   Code   RO          845    x$fpl$usenofp       fz_ps.l(usenofp.o)
    0x00003b74   0x00003b74   0x00000017   Data   RO          108    .constdata          retarget.o
    0x00003b8b   0x00003b8b   0x00000001   PAD
    0x00003b8c   0x00003b8c   0x00000078   Data   RO          180    .constdata          mbed.ar(serial_api.o)
    0x00003c04   0x00003c04   0x0000006c   Data   RO          350    .constdata          mbed.ar(PeripheralPins.o)
    0x00003c70   0x00003c70   0x0000006c   Data   RO          351    .constdata          mbed.ar(PeripheralPins.o)
    0x00003cdc   0x00003cdc   0x00000008   Data   RO          706    .constdata          c_p.l(_printf_wctomb.o)
    0x00003ce4   0x00003ce4   0x00000028   Data   RO          735    .constdata          c_p.l(_printf_hex_int_ll_ptr.o)
    0x00003d0c   0x00003d0c   0x00000011   Data   RO          755    .constdata          c_p.l(__printf_flags_ss_wp.o)
    0x00003d1d   0x00003d1d   0x00000026   Data   RO          904    .constdata          c_p.l(_printf_fp_hex.o)
    0x00003d43   0x00003d43   0x00000001   PAD
    0x00003d44   0x00003d44   0x00000094   Data   RO         1073    .constdata          c_p.l(bigflt0.o)
    0x00003dd8   0x00003dd8   0x00000020   Data   RO         1186    Region$$Table       anon$$obj.o
    0x00003df8   0x00003df8   0x0000001c   Data   RO         1081    locale$$data        c_p.l(lc_numeric_c.o)
    0x00003e14   0x00003e14   0x00000110   Data   RO         1147    locale$$data        c_p.l(lc_ctype_c.o)


    Execution Region RW_IRAM1 (Exec base: 0x1ffff0c0, Load base: 0x00003f24, Size: 0x00000198, Max: 0x00003f40, ABSOLUTE)

    Exec Addr    Load Addr    Size         Type   Attr      Idx    E Section Name        Object

    0x1ffff0c0   0x00003f24   0x00000004   Data   RW           34    .data               system_MKL25Z4.o
    0x1ffff0c4   0x00003f28   0x00000010   Data   RW          181    .data               mbed.ar(serial_api.o)
    0x1ffff0d4   0x00003f38   0x0000000c   Data   RW          334    .data               mbed.ar(us_ticker.o)
    0x1ffff0e0   0x00003f44   0x00000004   Data   RW          393    .data               mbed.ar(FileBase.o)
    0x1ffff0e4   0x00003f48   0x00000008   Data   RW          419    .data               mbed.ar(us_ticker_api.o)
    0x1ffff0ec   0x00003f50   0x00000004   Data   RW          455    .data               mbed.ar(semihost_api.o)
    0x1ffff0f0   0x00003f54   0x00000004   Data   RW          478    .data               c_p.l(stdio_streams.o)
    0x1ffff0f4   0x00003f58   0x00000004   Data   RW          479    .data               c_p.l(stdio_streams.o)
    0x1ffff0f8   0x00003f5c   0x00000004   Data   RW          480    .data               c_p.l(stdio_streams.o)
    0x1ffff0fc   0x00003f60   0x00000004   Data   RW         1101    .data               c_p.l(heapauxa.o)
    0x1ffff100        -       0x00000040   Zero   RW          107    .bss                retarget.o
    0x1ffff140        -       0x00000054   Zero   RW          475    .bss                c_p.l(stdio_streams.o)
    0x1ffff194        -       0x00000054   Zero   RW          476    .bss                c_p.l(stdio_streams.o)
    0x1ffff1e8        -       0x00000054   Zero   RW          477    .bss                c_p.l(stdio_streams.o)
    0x1ffff23c        -       0x00000004   Zero   RW          871    .bss                c_p.l(rt_heap_descriptor.o)
    0x1ffff240        -       0x00000014   Zero   RW         1046    .bss                c_p.l(rt_locale.o)
    0x1ffff254        -       0x00000004   Zero   RW         1056    .bss                c_p.l(rt_errno_addr.o)


==============================================================================

Image component sizes


      Code (inc. data)   RO Data    RW Data    ZI Data      Debug   Object Name

        44          6          0          0          0         68   board.o
        88          8          0          0          0         80   cmsis_nvic.o
        68          0          0          0          0       2187   main.o
        16          0          0          0          0         72   mbed_overrides.o
       600         64         23          0         64        604   retarget.o
        44         24        192          0          0        164   startup_MKL25Z4.o
        16          6          0          0          0         60   sys.o
       152         32          0          4          0         60   system_MKL25Z4.o

    ----------------------------------------------------------------------
      1030        140        248          4         64       3295   Object Totals
         0          0         32          0          0          0   (incl. Generated)
         2          0          1          0          0          0   (incl. Padding)

    ----------------------------------------------------------------------

      Code (inc. data)   RO Data    RW Data    ZI Data      Debug   Library Member Name

        64         10          0          0          0         84   __0sscanf.o
         8          0          0          0          0         68   __main.o
       392          6         17          0          0         76   __printf_flags_ss_wp.o
        14          0          0          0          0         60   __printf_wp.o
         0          0          0          0          0          0   __rtentry.o
        12          0          0          0          0          0   __rtentry2.o
         6          0          0          0          0          0   __rtentry4.o
        60          8          0          0          0          0   __scatter.o
        26          0          0          0          0          0   __scatter_copy.o
        28          0          0          0          0          0   __scatter_zi.o
        30          0          0          0          0         60   _chval.o
        10          0          0          0          0          0   _printf_a.o
        10          0          0          0          0          0   _printf_c.o
        46          0          0          0          0        100   _printf_char.o
        48          6          0          0          0         88   _printf_char_common.o
        40          6          0          0          0         72   _printf_char_file.o
        38          0          0          0          0         60   _printf_charcount.o
        10          0          0          0          0          0   _printf_d.o
       108         18          0          0          0         76   _printf_dec.o
        10          0          0          0          0          0   _printf_e.o
        10          0          0          0          0          0   _printf_f.o
      1048         14          0          0          0        176   _printf_fp_dec.o
       728         10         38          0          0         84   _printf_fp_hex.o
       136         16          0          0          0         76   _printf_fp_infnan.o
        10          0          0          0          0          0   _printf_g.o
       152          4         40          0          0        148   _printf_hex_int_ll_ptr.o
        10          0          0          0          0          0   _printf_i.o
       176          0          0          0          0         84   _printf_intcommon.o
        10          0          0          0          0          0   _printf_l.o
        10          0          0          0          0          0   _printf_lc.o
        10          0          0          0          0          0   _printf_ll.o
        10          0          0          0          0          0   _printf_lld.o
        10          0          0          0          0          0   _printf_lli.o
        10          0          0          0          0          0   _printf_llo.o
        10          0          0          0          0          0   _printf_llu.o
        10          0          0          0          0          0   _printf_llx.o
       112         18          0          0          0         76   _printf_longlong_dec.o
        10          0          0          0          0          0   _printf_ls.o
        10          0          0          0          0          0   _printf_n.o
        10          0          0          0          0          0   _printf_o.o
       112         10          0          0          0        112   _printf_oct_int_ll.o
        10          0          0          0          0          0   _printf_p.o
        78          0          0          0          0        100   _printf_pad.o
         2          0          0          0          0          0   _printf_percent.o
         4          0          0          0          0          0   _printf_percent_end.o
        10          0          0          0          0          0   _printf_s.o
        82          0          0          0          0         72   _printf_str.o
        36          0          0          0          0         76   _printf_truncate.o
        10          0          0          0          0          0   _printf_u.o
        46          0          0          0          0        100   _printf_wchar.o
       188          6          8          0          0         80   _printf_wctomb.o
        10          0          0          0          0          0   _printf_x.o
       896         16          0          0          0         84   _scanf.o
       330          0          0          0          0         84   _scanf_int.o
        68          0          0          0          0         76   _sgetc.o
        64          0          0          0          0         72   _wcrtomb.o
       488          0          0          0          0         92   aeabi_sdivfast.o
       216          6        148          0          0         80   bigflt0.o
      1456         30          0          0          0        336   btod.o
        12          0          0          0          0         68   defsig_exit.o
        52          0          0          0          0         72   defsig_general.o
        80         58          0          0          0         68   defsig_rtmem_inner.o
        12          0          0          0          0         68   defsig_rtmem_outer.o
        52         38          0          0          0         68   defsig_rtred_inner.o
        12          0          0          0          0         68   defsig_rtred_outer.o
        76          4          0          0          0         76   fclose.o
         8          0          0          0          0         60   ferror.o
       104          4          0          0          0        100   fflush.o
       496         10          0          0          0         76   flsbuf.o
       232          8          0          0          0        108   fopen.o
        30          0          0          0          0         68   fputc.o
       244          4          0          0          0         76   fseek.o
        66          0          0          0          0         68   ftell.o
        98          0          0          0          0         72   h1_alloc.o
        52          0          0          0          0         68   h1_extend.o
        76          0          0          0          0         72   h1_free.o
        14          0          0          0          0         76   h1_init.o
        80          4          0          4          0         88   heapauxa.o
         4          0          0          0          0        120   hguard.o
         0          0          0          0          0          0   indicate_semi.o
       136          0          0          0          0        160   init_alloc.o
       316         44          0          0          0         96   initio.o
        18          0          0          0          0         68   isspace.o
        44         10        272          0          0         76   lc_ctype_c.o
        44         10         28          0          0         76   lc_numeric_c.o
         2          0          0          0          0          0   libinit.o
        42          0          0          0          0          0   libinit2.o
         0          0          0          0          0          0   libshutdown2.o
       122          0          0          0          0         72   lludiv10.o
         0          0          0          0          0          0   maybetermalloc1.o
        16          4          0          0          0         76   rt_ctype_table.o
         8          4          0          0          4         68   rt_errno_addr.o
         8          4          0          0          4         68   rt_heap_descriptor.o
         8          4          0          0         20         68   rt_locale.o
        64          0          0          0          0        108   rt_memclr.o
       186          0          0          0          0        144   rt_memcpy.o
       150          0          0          0          0        104   rt_memmove.o
        40          0          0          0          0         60   rtudiv10.o
        48          8          0          0          0         84   scanf_char.o
        76          4          0          0          0         72   setvbuf.o
       240          8          0          0          0        144   stdio.o
         0          0          0         12        252          0   stdio_streams.o
       160          4          0          0          0         80   strcmpv6m.o
        68          6          0          0          0         72   strlen.o
       160          6          0          0          0         76   strncmp.o
        12          4          0          0          0         60   sys_exit.o
        12          0          0          0          0         68   sys_wrch.o
         2          0          0          0          0         68   use_no_semi.o
        14          0          0          0          0         68   vfprintf.o
        16          4          0          0          0         76   printf1.o
        16          4          0          0          0         76   printf2.o
         0          0          0          0          0          0   usenofp.o
        44          4          0          0          0         60   fpclassify.o
        64          4          0          4          0        132   FileBase.o
       164          0          0          0          0        392   FilePath.o
         0          0        216          0          0          0   PeripheralPins.o
        24          4          0          0          0         72   error.o
        44          8          0          0          0         64   exit.o
        74          0          0          0          0        144   gpio.o
       104          4          0          0          0        200   gpio_api.o
         8          0          0          0          0         68   mbed_interface.o
        92         14          0          0          0        140   pinmap.o
       224         74          0          0          0        204   pinmap_common.o
        24          6          0          4          0        128   semihost_api.o
       924        132        120         16          0        312   serial_api.o
       710        110          0         12          0        408   us_ticker.o
        64          6          0          8          0         68   us_ticker_api.o
        28          0          0          0          0         72   wait_api.o

    ----------------------------------------------------------------------
     13998        808        888         60        280       8944   Library Totals
        20          0          1          0          0          0   (incl. Padding)

    ----------------------------------------------------------------------

      Code (inc. data)   RO Data    RW Data    ZI Data      Debug   Library Name

     11354        434        551         16        280       6328   c_p.l
        32          8          0          0          0        152   fz_ps.l
        44          4          0          0          0         60   m_ps.l
      2548        362        336         44          0       2404   mbed.ar

    ----------------------------------------------------------------------
     13998        808        888         60        280       8944   Library Totals

    ----------------------------------------------------------------------

==============================================================================


      Code (inc. data)   RO Data    RW Data    ZI Data      Debug   

     15028        948       1136         64        344       6787   Grand Totals
     15028        948       1136         64        344       6787   ELF Image Totals
     15028        948       1136         64          0          0   ROM Totals

==============================================================================

    Total RO  Size (Code + RO Data)                16164 (  15.79kB)
    Total RW  Size (RW Data + ZI Data)               408 (   0.40kB)
    Total ROM Size (Code + RO Data + RW Data)      16228 (  15.85kB)

==============================================================================

